// Jest Snapshot v1, https://goo.gl/fbAQLP

exports[`test MonthPicker component should render the component to match snapshot 1`] = `
<MonthPicker
  month={8}
  onChange={[MockFunction]}
  year={2018}
>
  <div
    className="dropdown month-picker-component"
  >
    <h6>
      选择月份
    </h6>
    <button
      className="btn btn-secondary dropdown-toggle"
      onClick={[Function]}
    >
      2018年 08月
    </button>
  </div>
</MonthPicker>
`;
